---
# Source: camunda-platform/charts/elasticsearch/templates/master/statefulset.yaml
apiVersion: apps/v1
kind: StatefulSet
metadata:
  name: camunda-platform-test-elasticsearch-master
  namespace: "camunda"
  labels:
    app.kubernetes.io/instance: camunda-platform-test
    app.kubernetes.io/managed-by: Helm
    app.kubernetes.io/name: elasticsearch
    app.kubernetes.io/version: 8.18.0
    app.kubernetes.io/component: master
    ## Istio Labels: https://istio.io/docs/ops/deployment/requirements/
    app: master
spec:
  replicas: 3
  podManagementPolicy: Parallel
  selector:
    matchLabels:
      app.kubernetes.io/instance: camunda-platform-test
      app.kubernetes.io/name: elasticsearch
      app.kubernetes.io/component: master
  serviceName: camunda-platform-test-elasticsearch-master-hl
  updateStrategy:
    type: RollingUpdate
  template:
    metadata:
      labels:
        app.kubernetes.io/instance: camunda-platform-test
        app.kubernetes.io/managed-by: Helm
        app.kubernetes.io/name: elasticsearch
        app.kubernetes.io/version: 8.18.0
        app.kubernetes.io/component: master
        ## Istio Labels: https://istio.io/docs/ops/deployment/requirements/
        app: master
      annotations:
    spec:
      serviceAccountName: camunda-platform-test-elasticsearch-master
      
      automountServiceAccountToken: false
      affinity:
        podAffinity:
          
        podAntiAffinity:
          requiredDuringSchedulingIgnoredDuringExecution:
            - labelSelector:
                matchLabels:
                  app.kubernetes.io/instance: camunda-platform-test
                  app.kubernetes.io/name: elasticsearch
                  app.kubernetes.io/component: master
              topologyKey: kubernetes.io/hostname
        nodeAffinity:
          
      securityContext:
        fsGroup: 1001
        fsGroupChangePolicy: Always
        supplementalGroups: []
        sysctls: []
      initContainers:
        ## Image that performs the sysctl operation to modify Kernel settings (needed sometimes to avoid boot errors)
        - name: sysctl
          image: docker.io/bitnamilegacy/os-shell:12-debian-12-r43
          imagePullPolicy: "IfNotPresent"
          command:
            - /bin/bash
            - -ec
            - |
              CURRENT=`sysctl -n vm.max_map_count`;
              DESIRED="262144";
              if [ "$DESIRED" -gt "$CURRENT" ]; then
                  sysctl -w vm.max_map_count=262144;
              fi;
              CURRENT=`sysctl -n fs.file-max`;
              DESIRED="65536";
              if [ "$DESIRED" -gt "$CURRENT" ]; then
                  sysctl -w fs.file-max=65536;
              fi;
          securityContext:
            privileged: true
            runAsUser: 0
          resources:
            limits:
              cpu: 150m
              ephemeral-storage: 2Gi
              memory: 192Mi
            requests:
              cpu: 100m
              ephemeral-storage: 50Mi
              memory: 128Mi
        - name: copy-default-plugins
          image: docker.io/bitnamilegacy/elasticsearch:8.15.4
          imagePullPolicy: "IfNotPresent"
          securityContext:
            allowPrivilegeEscalation: false
            capabilities:
              drop:
              - ALL
            privileged: false
            readOnlyRootFilesystem: true
            runAsGroup: 1001
            runAsNonRoot: true
            runAsUser: 1001
            seLinuxOptions: {}
            seccompProfile:
              type: RuntimeDefault
          resources:
            limits:
              cpu: 2
              memory: 2Gi
            requests:
              cpu: 1
              memory: 2Gi
          command:
            - /bin/bash
          args:
            - -ec
            - |
              #!/bin/bash

              . /opt/bitnami/scripts/libfs.sh
              . /opt/bitnami/scripts/elasticsearch-env.sh

              if ! is_dir_empty "$DB_DEFAULT_PLUGINS_DIR"; then
                  cp -nr "$DB_DEFAULT_PLUGINS_DIR"/* /plugins
              fi
          volumeMounts:
            - name: empty-dir
              mountPath: /tmp
              subPath: tmp-dir
            - name: empty-dir
              mountPath: /plugins
              subPath: app-plugins-dir
      containers:
        - name: elasticsearch
          image: docker.io/bitnamilegacy/elasticsearch:8.15.4
          imagePullPolicy: "IfNotPresent"
          securityContext:
            allowPrivilegeEscalation: false
            capabilities:
              drop:
              - ALL
            privileged: false
            readOnlyRootFilesystem: true
            runAsGroup: 1001
            runAsNonRoot: true
            runAsUser: 1001
            seLinuxOptions: {}
            seccompProfile:
              type: RuntimeDefault
          env:
            - name: BITNAMI_DEBUG
              value: "false"
            - name: MY_POD_NAME
              valueFrom:
                fieldRef:
                  fieldPath: metadata.name
            - name: ELASTICSEARCH_IS_DEDICATED_NODE
              value: "no"
            - name: ELASTICSEARCH_NODE_ROLES
              value: "master"
            - name: ELASTICSEARCH_TRANSPORT_PORT_NUMBER
              value: "9300"
            - name: ELASTICSEARCH_HTTP_PORT_NUMBER
              value: "9200"
            - name: ELASTICSEARCH_CLUSTER_NAME
              value: "elastic"
            
            - name: ELASTICSEARCH_CLUSTER_HOSTS
              value: "camunda-platform-test-elasticsearch-master-hl.camunda.svc.cluster.local,"
            - name: ELASTICSEARCH_TOTAL_NODES
              value: "3"
            - name: ELASTICSEARCH_CLUSTER_MASTER_HOSTS
              value: camunda-platform-test-elasticsearch-master-0 camunda-platform-test-elasticsearch-master-1 camunda-platform-test-elasticsearch-master-2 
            - name: ELASTICSEARCH_MINIMUM_MASTER_NODES
              value: "2"
            - name: ELASTICSEARCH_ADVERTISED_HOSTNAME
              value: "$(MY_POD_NAME).camunda-platform-test-elasticsearch-master-hl.camunda.svc.cluster.local"
            - name: ELASTICSEARCH_HEAP_SIZE
              value: "1024m"
            - name: ELASTICSEARCH_ENABLE_REST_TLS
              value: "false"
          ports:
            - name: rest-api
              containerPort: 9200
            - name: transport
              containerPort: 9300
          livenessProbe:
            failureThreshold: 5
            initialDelaySeconds: 180
            periodSeconds: 10
            successThreshold: 1
            timeoutSeconds: 5
            tcpSocket:
              port: rest-api
          readinessProbe:
            failureThreshold: 5
            initialDelaySeconds: 90
            periodSeconds: 10
            successThreshold: 1
            timeoutSeconds: 5
            exec:
              command:
                - /opt/bitnami/scripts/elasticsearch/healthcheck.sh
          resources:
            limits:
              cpu: 2
              memory: 2Gi
            requests:
              cpu: 1
              memory: 2Gi
          volumeMounts:
            - name: empty-dir
              mountPath: /tmp
              subPath: tmp-dir
            - name: empty-dir
              mountPath: /opt/bitnami/elasticsearch/config
              subPath: app-conf-dir
            - name: empty-dir
              mountPath: /opt/bitnami/elasticsearch/tmp
              subPath: app-tmp-dir
            - name: empty-dir
              mountPath: /opt/bitnami/elasticsearch/logs
              subPath: app-logs-dir
            - name: empty-dir
              mountPath: /opt/bitnami/elasticsearch/plugins
              subPath: app-plugins-dir
            - name: empty-dir
              mountPath: /bitnami/elasticsearch
              subPath: app-volume-dir
            - name: data
              mountPath: /bitnami/elasticsearch/data
      volumes:
        - name: empty-dir
          emptyDir: {}
  volumeClaimTemplates:
    - apiVersion: v1
      kind: PersistentVolumeClaim
      metadata:
        name: "data"
      spec:
        accessModes:
          - "ReadWriteOnce"
        resources:
          requests:
            storage: "64Gi"