---
# Source: camunda-platform/templates/zeebe-gateway/service.yaml
apiVersion: v1
kind: Service
metadata:
  name: camunda-platform-test-zeebe-gateway
  labels:
    app: camunda-platform
    app.kubernetes.io/name: camunda-platform
    app.kubernetes.io/instance: camunda-platform-test
    app.kubernetes.io/managed-by: Helm
    app.kubernetes.io/part-of: camunda-platform
    app.kubernetes.io/version: "8.3.25"
    app.kubernetes.io/component: zeebe-gateway
  annotations:
spec:
  type: ClusterIP
  selector:
    app: camunda-platform
    app.kubernetes.io/name: camunda-platform
    app.kubernetes.io/instance: camunda-platform-test
    app.kubernetes.io/managed-by: Helm
    app.kubernetes.io/part-of: camunda-platform
    app.kubernetes.io/component: zeebe-gateway
  ports:
    - port: 9600
      protocol: TCP
      name: http
    - port: 26500
      protocol: TCP
      name: gateway