---
# Source: camunda-platform/templates/core/poddisruptionbudget.yaml
apiVersion: policy/v1
kind: PodDisruptionBudget
metadata:
  name: camunda-platform-test-core
  labels:
    app: camunda-platform
    app.kubernetes.io/name: camunda-platform
    app.kubernetes.io/instance: camunda-platform-test
    app.kubernetes.io/managed-by: Helm
    app.kubernetes.io/part-of: camunda-platform
    app.kubernetes.io/component: core
    app.kubernetes.io/version: "8.8.0-alpha3"
spec:
  maxUnavailable: 1
  selector:
    matchLabels:
      app: camunda-platform
      app.kubernetes.io/name: camunda-platform
      app.kubernetes.io/instance: camunda-platform-test
      app.kubernetes.io/managed-by: Helm
      app.kubernetes.io/part-of: camunda-platform
      app.kubernetes.io/component: core