---
# Source: camunda-platform/templates/core/statefulset.yaml
apiVersion: apps/v1
kind: StatefulSet
metadata:
  name: camunda-platform-test-zeebe
  labels:
    app: camunda-platform
    app.kubernetes.io/name: camunda-platform
    app.kubernetes.io/instance: camunda-platform-test
    app.kubernetes.io/managed-by: Helm
    app.kubernetes.io/part-of: camunda-platform
    app.kubernetes.io/component: core
    app.kubernetes.io/version: "8.8.0-alpha2-rc1"
  annotations:
spec:
  replicas: 3
  selector:
    matchLabels:
      app: camunda-platform
      app.kubernetes.io/name: camunda-platform
      app.kubernetes.io/instance: camunda-platform-test
      app.kubernetes.io/managed-by: Helm
      app.kubernetes.io/part-of: camunda-platform
      app.kubernetes.io/component: core
  serviceName: camunda-platform-test-core
  updateStrategy:
    type: RollingUpdate
  podManagementPolicy: Parallel
  template:
    metadata:
      labels:
        app: camunda-platform
        app.kubernetes.io/name: camunda-platform
        app.kubernetes.io/instance: camunda-platform-test
        app.kubernetes.io/managed-by: Helm
        app.kubernetes.io/part-of: camunda-platform
        app.kubernetes.io/component: core
        app.kubernetes.io/version: "8.8.0-alpha2-rc1"
      annotations:
    spec:
      imagePullSecrets:
        []
      initContainers:
        []
      containers:
        - name: core
          image: camunda/camunda:8.8.0-alpha2-rc1
          imagePullPolicy: Always
          securityContext:
            allowPrivilegeEscalation: false
            privileged: false
            readOnlyRootFilesystem: true
            runAsNonRoot: true
            runAsUser: 1001
            seccompProfile:
              type: RuntimeDefault
          command: ["bash", "/usr/local/bin/startup.sh"]
          env:
            - name: CAMUNDA_LICENSE_KEY
              valueFrom:
                secretKeyRef:
                  name: camunda-platform-test-license
                  key: CAMUNDA_LICENSE_KEY
            - name: LC_ALL
              value: C.UTF-8
            - name: K8S_NAME
              valueFrom:
                fieldRef:
                  fieldPath: metadata.name
            - name: K8S_SERVICE_NAME
              value: camunda-platform-test-core
            - name: K8S_NAMESPACE
              valueFrom:
                fieldRef:
                  fieldPath: metadata.namespace
            - name: JAVA_TOOL_OPTIONS
              value: "-XX:+HeapDumpOnOutOfMemoryError -XX:HeapDumpPath=/usr/local/camunda/data -XX:ErrorFile=/usr/local/camunda/data/zeebe_error%p.log -XX:+ExitOnOutOfMemoryError"
            - name: K8S_POD_NAME
              valueFrom:
                fieldRef:
                  fieldPath: metadata.name
          envFrom:
            - configMapRef:
                name: camunda-platform-test-documentstore-env-vars
          ports:
            - containerPort: 8080
              name: http
            - containerPort: 26501
              name: command
            - containerPort: 26502
              name: internal
            - containerPort: 9600
              name: server
            - containerPort: 26500
              name: gateway
          readinessProbe:
            httpGet:
              path: /actuator/health/readiness
              scheme: HTTP
              port: 9600
            initialDelaySeconds: 30
            periodSeconds: 30
            successThreshold: 1
            failureThreshold: 5
            timeoutSeconds: 1
          resources:
            limits:
              cpu: 2000m
              memory: 3000Mi
            requests:
              cpu: 1000m
              memory: 1500Mi
          volumeMounts:
            - name: config
              mountPath: /usr/local/bin/startup.sh
              subPath: startup.sh
            - name: data
              mountPath: /usr/local/camunda/data
            - name: exporters
              mountPath: /exporters
            - mountPath: /tmp
              name: tmp
            - name: config
              mountPath: /usr/local/camunda/config/application.yaml
              subPath: application.yaml
      volumes:
        - name: config
          configMap:
            name: camunda-platform-test-core-configuration
            defaultMode: 492
        - name: exporters
          emptyDir: {}
        - name: tmp
          emptyDir: {}
      serviceAccountName: camunda-platform-test-core
      securityContext:
        fsGroup: 1001
        runAsNonRoot: true
        seccompProfile:
          type: RuntimeDefault
# yamllint disable
      affinity:
        podAntiAffinity:
          requiredDuringSchedulingIgnoredDuringExecution:
          - labelSelector:
              matchExpressions:
              - key: app.kubernetes.io/component
                operator: In
                values:
                - core
            topologyKey: kubernetes.io/hostname
# yamllint enable
  volumeClaimTemplates:
    - metadata:
        name: data
        annotations:
          {}
      spec:
        accessModes: [ReadWriteOnce]
        resources:
          requests:
            storage: "32Gi"