---
# Source: camunda-platform/templates/orchestration/migration-data-configmap-env-vars.yaml
apiVersion: v1
kind: ConfigMap
metadata:
  name: camunda-platform-test-zeebe-migration-data-env-vars
  labels:
    app: camunda-platform
    app.kubernetes.io/name: camunda-platform
    app.kubernetes.io/instance: camunda-platform-test
    app.kubernetes.io/managed-by: Helm
    app.kubernetes.io/part-of: camunda-platform
    app.kubernetes.io/component: orchestration-migration
    app.kubernetes.io/version: "8.8.0"
  annotations:
    {}
data:
  SPRING_PROFILES_ACTIVE: "process-migration,task-migration,usage-metric-migration"
  MIGRATION_PROCESS_BATCHSIZE: "5"
  MIGRATION_PROCESS_IMPORTERFINISHEDTIMEOUT: "PT1M"
  MIGRATION_PROCESS_RETRY_MAXRETRIES: "5"
  MIGRATION_PROCESS_RETRY_MAXRETRYDELAY: "PT1M"
  MIGRATION_PROCESS_RETRY_MINRETRYDELAY: "PT10s"
  MIGRATION_PROCESS_RETRY_RETRYDELAYMULTIPLIER: "2"
  MIGRATION_METRICS_BATCHSIZE: "5"
  MIGRATION_METRICS_IMPORTERFINISHEDTIMEOUT: "PT1M"
  MIGRATION_METRICS_RETRY_MAXRETRIES: "5"
  MIGRATION_METRICS_RETRY_MAXRETRYDELAY: "PT1M"
  MIGRATION_METRICS_RETRY_MINRETRYDELAY: "PT10s"
  MIGRATION_METRICS_RETRY_RETRYDELAYMULTIPLIER: "2"
  MIGRATION_TUMETRICS_BATCHSIZE: "5"
  MIGRATION_TUMETRICS_IMPORTERFINISHEDTIMEOUT: "PT1M"
  MIGRATION_TUMETRICS_RETRY_MAXRETRIES: "5"
  MIGRATION_TUMETRICS_RETRY_MAXRETRYDELAY: "PT1M"
  MIGRATION_TUMETRICS_RETRY_MINRETRYDELAY: "PT10s"
  MIGRATION_TUMETRICS_RETRY_RETRYDELAYMULTIPLIER: "2"
  MIGRATION_TASKS_BATCHSIZE: "5"
  MIGRATION_TASKS_IMPORTERFINISHEDTIMEOUT: "PT1M"
  MIGRATION_TASKS_RETRY_MAXRETRIES: "5"
  MIGRATION_TASKS_RETRY_MAXRETRYDELAY: "PT1M"
  MIGRATION_TASKS_RETRY_MINRETRYDELAY: "PT10s"
  MIGRATION_TASKS_RETRY_RETRYDELAYMULTIPLIER: "2"