---
# Source: camunda-platform/templates/connectors/configmap.yaml
apiVersion: v1
kind: ConfigMap
metadata:
  name: camunda-platform-test-connectors-configuration
  labels:
    app: camunda-platform
    app.kubernetes.io/name: camunda-platform
    app.kubernetes.io/instance: camunda-platform-test
    app.kubernetes.io/managed-by: Helm
    app.kubernetes.io/part-of: camunda-platform
    app.kubernetes.io/component: connectors
    app.kubernetes.io/version: "8.8.0-alpha2-rc1"
data:
  application.yml: |
    server:
      port: 8080

    management:
      endpoints:
        web:
          exposure:
            include: metrics,health,prometheus
      endpoint:
        health:
          show-details: always
          show-components: always
          group:
            readiness:
              include:
              - processDefinitionImport
              - zeebeClient
      context-path: /actuator

    camunda:
      client:
        rest-address: http://camunda-platform-test-core:8080
        grpc-address: http://camunda-platform-test-core:26500
        worker:
          defaults:
            max-jobs-active: 32
            stream-enabled: true
        mode: basic
        auth:
          username: "demo"
          password: "demo"

    logging:
      level:
        io.camunda.connector: ERROR