---
# Source: camunda-platform/templates/tasklist/configmap.yaml
apiVersion: v1
kind: ConfigMap
metadata:
  name: camunda-platform-test-tasklist-configuration
  labels:
    app: camunda-platform
    app.kubernetes.io/name: camunda-platform
    app.kubernetes.io/instance: camunda-platform-test
    app.kubernetes.io/managed-by: Helm
    app.kubernetes.io/part-of: camunda-platform
    app.kubernetes.io/component: tasklist
    app.kubernetes.io/version: "8.5.20"
data:
  application.yml: |
    spring:
      profiles:
        active: identity-auth
      security:
        oauth2:
          resourceserver:
            jwt:
              issuer-uri: "http://camunda-platform-test-keycloak:80/auth/realms/camunda-platform"
              jwk-set-uri: "http://camunda-platform-test-keycloak:80/auth/realms/camunda-platform/protocol/openid-connect/certs"

    camunda:
      identity:
        clientId: "tasklist"
        audience: "tasklist-api"
        baseUrl: "http://camunda-platform-test-identity:80"

    # Tasklist configuration file
    camunda.tasklist:

      identity:
        redirectRootUrl: "http://localhost:8082"
        userAccessRestrictionsEnabled: true

      # Set Tasklist username and password.
      # If user with <username> does not exists it will be created.
      # Default: demo/demo
      #username:
      #password:
      # ELS instance to store Tasklist data
      elasticsearch:
        # Cluster name
        clusterName: elasticsearch
        # Host
        host: camunda-platform-test-elasticsearch
        # Transport port
        port: 9200
        # Elasticsearch full url
        url: "http://camunda-platform-test-elasticsearch:9200"
      # ELS instance to export Zeebe data to
      zeebeElasticsearch:
        # Cluster name
        clusterName: elasticsearch
        # Host
        host: camunda-platform-test-elasticsearch
        # Transport port
        port: 9200
        # Index prefix, configured in Zeebe Elasticsearch exporter
        prefix: zeebe-record
        # Elasticsearch full url
        url: "http://camunda-platform-test-elasticsearch:9200"
      # Zeebe instance
      zeebe:
        # Broker contact point
        brokerContactPoint: "camunda-platform-test-zeebe-gateway:26500"
        restAddress: "http://camunda-platform-test-zeebe-gateway:8080"
    #Spring Boot Actuator endpoints to be exposed
    management.endpoints.web.exposure.include: health,info,conditions,configprops,prometheus,loggers,usage-metrics,backups
    # Enable or disable metrics
    #management.metrics.export.prometheus.enabled: false