---
# Source: camunda-platform/templates/tasklist/serviceaccount.yaml
apiVersion: v1
kind: ServiceAccount
metadata:
  name: camunda-platform-test-tasklist
  labels:
    app: camunda-platform
    app.kubernetes.io/name: camunda-platform
    app.kubernetes.io/instance: camunda-platform-test
    app.kubernetes.io/managed-by: Helm
    app.kubernetes.io/part-of: camunda-platform
    app.kubernetes.io/component: tasklist
    app.kubernetes.io/version: "8.5.23"
automountServiceAccountToken: false