---
# Source: camunda-platform/templates/console/serviceaccount.yaml
apiVersion: v1
kind: ServiceAccount
metadata:
  name: camunda-platform-test-console
  labels:
    app: camunda-platform
    app.kubernetes.io/name: camunda-platform
    app.kubernetes.io/instance: camunda-platform-test
    app.kubernetes.io/managed-by: Helm
    app.kubernetes.io/part-of: camunda-platform
    app.kubernetes.io/component: console
    app.kubernetes.io/version: "8.6.66"
automountServiceAccountToken: false