---
# Source: camunda-platform/templates/service-monitor/core-service-monitor.yaml
apiVersion: monitoring.coreos.com/v1
kind: ServiceMonitor
metadata:
  name: camunda-platform-test-core
  labels:
    app: camunda-platform
    app.kubernetes.io/name: camunda-platform
    app.kubernetes.io/instance: camunda-platform-test
    app.kubernetes.io/managed-by: Helm
    app.kubernetes.io/part-of: camunda-platform
    release: metrics
spec:
  selector:
    matchLabels:
      app: camunda-platform
      app.kubernetes.io/component: core
  endpoints:
    - honorLabels: true
      path: /actuator/prometheus
      port: server
      interval: 10s