---
# Source: camunda-platform/templates/camunda/secret-core.yaml
apiVersion: v1
kind: Secret
metadata:
  name: camunda-platform-test-core-identity-secret
  labels:
    app: camunda-platform
    app.kubernetes.io/name: identity
    app.kubernetes.io/instance: camunda-platform-test
    app.kubernetes.io/managed-by: Helm
    app.kubernetes.io/part-of: camunda-platform
    app.kubernetes.io/component: identity
type: Opaque
data: