---
# Source: camunda-platform/templates/camunda/secret-camunda-license.yaml
apiVersion: v1
kind: Secret
metadata:
  name: camunda-platform-test-license
  labels:
    app: camunda-platform
    app.kubernetes.io/name: camunda-platform
    app.kubernetes.io/instance: camunda-platform-test
    app.kubernetes.io/managed-by: Helm
    app.kubernetes.io/part-of: camunda-platform
  annotations:
    {}
type: Opaque
data:
  CAMUNDA_LICENSE_KEY: ''