---
# Source: camunda-platform/charts/zeebe/templates/statefulset.yaml
apiVersion: apps/v1
kind: StatefulSet
metadata:
  name: "camunda-platform-test-zeebe"
  labels:
    app: camunda-platform
    app.kubernetes.io/name: zeebe
    app.kubernetes.io/instance: camunda-platform-test
    app.kubernetes.io/managed-by: Helm
    app.kubernetes.io/part-of: camunda-platform
    app.kubernetes.io/version: "8.2.32"
    app.kubernetes.io/component: zeebe-broker
  annotations:
spec:
  replicas: 3
  selector:
    matchLabels:
      app: camunda-platform
      app.kubernetes.io/name: zeebe
      app.kubernetes.io/instance: camunda-platform-test
      app.kubernetes.io/managed-by: Helm
      app.kubernetes.io/part-of: camunda-platform
      app.kubernetes.io/component: zeebe-broker
  serviceName: "camunda-platform-test-zeebe"
  updateStrategy:
    type: RollingUpdate
  podManagementPolicy: Parallel
  template:
    metadata:
      labels:
        app: camunda-platform
        app.kubernetes.io/name: zeebe
        app.kubernetes.io/instance: camunda-platform-test
        app.kubernetes.io/managed-by: Helm
        app.kubernetes.io/part-of: camunda-platform
        app.kubernetes.io/version: "8.2.32"
        app.kubernetes.io/component: zeebe-broker
      annotations:
    spec:
      imagePullSecrets:
        []
      initContainers:
      containers:
      - name: zeebe
        image: "camunda/zeebe:8.2.32"
        imagePullPolicy: IfNotPresent
        env:
        - name: LC_ALL
          value: C.UTF-8
        - name: K8S_NAME
          valueFrom:
            fieldRef:
              fieldPath: metadata.name
        - name: K8S_SERVICE_NAME
          value: "camunda-platform-test-zeebe"
        - name: K8S_NAMESPACE
          valueFrom:
            fieldRef:
              fieldPath: metadata.namespace
        - name: ZEEBE_BROKER_NETWORK_ADVERTISEDHOST
          value: "$(K8S_NAME).$(K8S_SERVICE_NAME).$(K8S_NAMESPACE).svc"
        - name: ZEEBE_BROKER_CLUSTER_INITIALCONTACTPOINTS
          value:
            $(K8S_SERVICE_NAME)-0.$(K8S_SERVICE_NAME).$(K8S_NAMESPACE).svc:26502,
            $(K8S_SERVICE_NAME)-1.$(K8S_SERVICE_NAME).$(K8S_NAMESPACE).svc:26502,
            $(K8S_SERVICE_NAME)-2.$(K8S_SERVICE_NAME).$(K8S_NAMESPACE).svc:26502,
        - name: ZEEBE_BROKER_CLUSTER_CLUSTERNAME
          value: camunda-platform-test-zeebe
        - name: ZEEBE_LOG_LEVEL
          value: "info"
        - name: ZEEBE_BROKER_CLUSTER_PARTITIONSCOUNT
          value: "3"
        - name: ZEEBE_BROKER_CLUSTER_CLUSTERSIZE
          value: "3"
        - name: ZEEBE_BROKER_CLUSTER_REPLICATIONFACTOR
          value: "3"
        - name: ZEEBE_BROKER_THREADS_CPUTHREADCOUNT
          value: "3"
        - name: ZEEBE_BROKER_THREADS_IOTHREADCOUNT
          value: "3"
        - name: ZEEBE_BROKER_GATEWAY_ENABLE
          value: "false"
        - name: ZEEBE_BROKER_EXPORTERS_ELASTICSEARCH_CLASSNAME
          value: "io.camunda.zeebe.exporter.ElasticsearchExporter"
        - name: ZEEBE_BROKER_EXPORTERS_ELASTICSEARCH_ARGS_URL
          value: "http://elasticsearch-master:9200"
        - name: ZEEBE_BROKER_EXPORTERS_ELASTICSEARCH_ARGS_INDEX_PREFIX
          value: "zeebe-record"
        - name: ZEEBE_BROKER_NETWORK_COMMANDAPI_PORT
          value: "26501"
        - name: ZEEBE_BROKER_NETWORK_INTERNALAPI_PORT
          value: "26502"
        - name: ZEEBE_BROKER_NETWORK_MONITORINGAPI_PORT
          value: "9600"
        - name: K8S_POD_NAME
          valueFrom:
            fieldRef:
              fieldPath: metadata.name
        - name: JAVA_TOOL_OPTIONS
          value: "-XX:+HeapDumpOnOutOfMemoryError -XX:HeapDumpPath=/usr/local/zeebe/data -XX:ErrorFile=/usr/local/zeebe/data/zeebe_error%p.log -XX:+ExitOnOutOfMemoryError"
        - name: ZEEBE_BROKER_DATA_SNAPSHOTPERIOD
          value: 5m
        - name: ZEEBE_BROKER_DATA_DISKUSAGECOMMANDWATERMARK
          value: "0.85"
        - name: ZEEBE_BROKER_DATA_DISKUSAGEREPLICATIONWATERMARK
          value: "0.87"
        ports:
        - containerPort: 9600
          name: http
        - containerPort: 26501
          name: command
        - containerPort: 26502
          name: internal
        readinessProbe:
          httpGet:
            path: /ready
            scheme: HTTP
            port: 9600
          initialDelaySeconds: 30
          periodSeconds: 30
          successThreshold: 1
          failureThreshold: 5
          timeoutSeconds: 1
        resources:
          limits:
            cpu: 960m
            memory: 1920Mi
          requests:
            cpu: 800m
            memory: 1200Mi
        volumeMounts:
        - name: config
          mountPath: /usr/local/bin/startup.sh
          subPath: startup.sh
        - name: data
          mountPath: /usr/local/zeebe/data
        - name: exporters
          mountPath: /exporters
      volumes:
        - name: config
          configMap:
            name: camunda-platform-test-zeebe
            defaultMode: 492
        - name: exporters
          emptyDir: {}
      securityContext:
        fsGroup: 1000
      affinity:
        podAntiAffinity:
          requiredDuringSchedulingIgnoredDuringExecution:
          - labelSelector:
              matchExpressions:
              - key: app.kubernetes.io/component
                operator: In
                values:
                - zeebe-broker
            topologyKey: kubernetes.io/hostname
  volumeClaimTemplates:
    - apiVersion: v1
      kind: PersistentVolumeClaim
      metadata:
        name: data
      spec:
        accessModes: [ReadWriteOnce]
        resources:
          requests:
            storage: "32Gi"