---
# Source: camunda-platform/templates/execution-identity/deployment.yaml
apiVersion: apps/v1
kind: Deployment
metadata:
  name: camunda-platform-test-execution-identity
  labels:
    app: camunda-platform
    app.kubernetes.io/name: camunda-platform
    app.kubernetes.io/instance: camunda-platform-test
    app.kubernetes.io/managed-by: Helm
    app.kubernetes.io/part-of: camunda-platform
    app.kubernetes.io/component: execution-identity
    app.kubernetes.io/version: "SNAPSHOT"
  annotations:
    {}
spec:
  strategy:
    type: RollingUpdate
  replicas: 1
  selector:
    matchLabels:
      app: camunda-platform
      app.kubernetes.io/name: camunda-platform
      app.kubernetes.io/instance: camunda-platform-test
      app.kubernetes.io/managed-by: Helm
      app.kubernetes.io/part-of: camunda-platform
      app.kubernetes.io/component: execution-identity
  template:
    metadata:
      annotations:
      labels:
        app: camunda-platform
        app.kubernetes.io/name: camunda-platform
        app.kubernetes.io/instance: camunda-platform-test
        app.kubernetes.io/managed-by: Helm
        app.kubernetes.io/part-of: camunda-platform
        app.kubernetes.io/component: execution-identity
    spec:
      imagePullSecrets:
        []
      initContainers:
        []
      serviceAccountName: camunda-platform-test-execution-identity
      securityContext:
        fsGroup: 1001
        runAsNonRoot: true
        seccompProfile:
          type: RuntimeDefault
      containers:
        - name: camunda-platform
          image: camunda/camunda:SNAPSHOT
          imagePullPolicy: IfNotPresent
          securityContext:
            allowPrivilegeEscalation: false
            privileged: false
            readOnlyRootFilesystem: true
            runAsNonRoot: true
            runAsUser: 1001
            seccompProfile:
              type: RuntimeDefault
          env:
            - name: CAMUNDA_LICENSE_KEY
              valueFrom:
                secretKeyRef:
                  name: camunda-platform-test-license
                  key: CAMUNDA_LICENSE_KEY
          ports:
            - name: http
              containerPort: 8080
              protocol: TCP
            - name: management
              containerPort: 9600
              protocol: TCP
          readinessProbe:
            httpGet:
              path: /actuator/health
              scheme: HTTP
              port: management
            initialDelaySeconds: 30
            periodSeconds: 30
            successThreshold: 1
            failureThreshold: 5
            timeoutSeconds: 1
          resources:
            limits:
              cpu: 2
              memory: 2Gi
            requests:
              cpu: 1
              memory: 1Gi
          volumeMounts:
            - name: execution-identity-configuration
              mountPath: /usr/local/camunda/config
      volumes:
        - name: execution-identity-configuration
          configMap:
            name: camunda-platform-test-execution-identity-configuration