---
# Source: camunda-platform/templates/operate/serviceaccount.yaml
apiVersion: v1
kind: ServiceAccount
metadata:
  name: camunda-platform-test-operate
  labels:
    app: camunda-platform
    app.kubernetes.io/name: camunda-platform
    app.kubernetes.io/instance: camunda-platform-test
    app.kubernetes.io/managed-by: Helm
    app.kubernetes.io/part-of: camunda-platform
    app.kubernetes.io/version: "8.3.25"
    app.kubernetes.io/component: operate