---
# Source: camunda-platform/templates/identity/configmap-env-vars.yaml
apiVersion: v1
kind: ConfigMap
metadata:
  name: camunda-platform-test-identity-config-env-vars
  labels:
    app: camunda-platform
    app.kubernetes.io/name: camunda-platform
    app.kubernetes.io/instance: camunda-platform-test
    app.kubernetes.io/managed-by: Helm
    app.kubernetes.io/part-of: camunda-platform
    app.kubernetes.io/component: identity
    app.kubernetes.io/version: "8.5.0-alpha2"
  annotations:
    {}
data:
  IDENTITY_URL: ""