---
# Source: camunda-platform/templates/identity/deployment.yaml
apiVersion: apps/v1
kind: Deployment
metadata:
  name: camunda-platform-test-identity
  labels:
    app: camunda-platform
    app.kubernetes.io/name: camunda-platform
    app.kubernetes.io/instance: camunda-platform-test
    app.kubernetes.io/managed-by: Helm
    app.kubernetes.io/part-of: camunda-platform
    app.kubernetes.io/component: identity
    app.kubernetes.io/version: "8.6.18"
  annotations:
    {}
spec:
  strategy:
    type: RollingUpdate
  replicas: 1
  selector:
    matchLabels:
      app: camunda-platform
      app.kubernetes.io/name: camunda-platform
      app.kubernetes.io/instance: camunda-platform-test
      app.kubernetes.io/managed-by: Helm
      app.kubernetes.io/part-of: camunda-platform
      app.kubernetes.io/component: identity
  template:
    metadata:
      labels:
        app: camunda-platform
        app.kubernetes.io/name: camunda-platform
        app.kubernetes.io/instance: camunda-platform-test
        app.kubernetes.io/managed-by: Helm
        app.kubernetes.io/part-of: camunda-platform
        app.kubernetes.io/component: identity
        app.kubernetes.io/version: "8.6.18"
      annotations:
    spec:
      imagePullSecrets:
        []
      initContainers:
        []
      containers:
        - name: camunda-platform
          image: camunda/identity:8.6.18
          imagePullPolicy: IfNotPresent
          securityContext:
            allowPrivilegeEscalation: false
            privileged: false
            readOnlyRootFilesystem: true
            runAsNonRoot: true
            runAsUser: 1001
            seccompProfile:
              type: RuntimeDefault
          env:
            - name: CAMUNDA_LICENSE_KEY
              valueFrom:
                secretKeyRef:
                  name: camunda-platform-test-license
                  key: CAMUNDA_LICENSE_KEY
            - name: KEYCLOAK_INIT_OPERATE_SECRET
              valueFrom:
                secretKeyRef:
                  name: camunda-platform-test-operate-identity-secret
                  key: operate-secret
            - name: KEYCLOAK_INIT_CONSOLE_SECRET
              valueFrom:
                secretKeyRef:
                  name: camunda-platform-test-console-identity-secret
                  key: console-secret
            - name: KEYCLOAK_INIT_TASKLIST_SECRET
              valueFrom:
                secretKeyRef:
                  name: camunda-platform-test-tasklist-identity-secret
                  key: tasklist-secret
            - name: KEYCLOAK_INIT_OPTIMIZE_SECRET
              valueFrom:
                secretKeyRef:
                  name: camunda-platform-test-optimize-identity-secret
                  key: optimize-secret
            - name: KEYCLOAK_INIT_WEBMODELER_ROOT_URL
              value: "http://localhost:8084"
            - name: KEYCLOAK_INIT_ZEEBE_NAME
              value: "Zeebe"
            - name: KEYCLOAK_CLIENTS_0_NAME
              value: Connectors
            - name: KEYCLOAK_CLIENTS_0_ID
              value: connectors
            - name: KEYCLOAK_CLIENTS_0_SECRET
              valueFrom:
                secretKeyRef:
                  name: camunda-platform-test-connectors-identity-secret
                  key: connectors-secret
            - name: KEYCLOAK_CLIENTS_0_ROOT_URL
              value: http://placeholder
            - name: KEYCLOAK_CLIENTS_0_REDIRECT_URIS_0
              value: /
            - name: KEYCLOAK_CLIENTS_0_PERMISSIONS_0_RESOURCE_SERVER_ID
              value: "operate-api"
            - name: KEYCLOAK_CLIENTS_0_PERMISSIONS_0_DEFINITION
              value: "read:*"
            - name: KEYCLOAK_CLIENTS_1_NAME
              value: "Zeebe"
            - name: KEYCLOAK_CLIENTS_1_ID
              value: "zeebe"
            - name: KEYCLOAK_CLIENTS_1_SECRET
              valueFrom:
                secretKeyRef:
                  name: camunda-platform-test-zeebe-identity-secret
                  key: zeebe-secret
            - name: KEYCLOAK_CLIENTS_1_TYPE
              value: "M2M"
            - name: KEYCLOAK_CLIENTS_1_PERMISSIONS_0_RESOURCE_SERVER_ID
              value: "zeebe-api"
            - name: KEYCLOAK_CLIENTS_1_PERMISSIONS_0_DEFINITION
              value: "write:*"
            - name: KEYCLOAK_URL
              value: "http://camunda-platform-test-keycloak:80/auth"
            - name: KEYCLOAK_SETUP_USER
              value: "admin"
            - name: KEYCLOAK_SETUP_PASSWORD
              valueFrom:
                secretKeyRef:
                  name: camunda-platform-test-keycloak
                  key: admin-password
            - name: KEYCLOAK_USERS_0_USERNAME
              value: "demo"
            - name: KEYCLOAK_USERS_0_PASSWORD
              value: "demo"
            - name: KEYCLOAK_USERS_0_EMAIL
              value: "demo@example.org"
            - name: KEYCLOAK_USERS_0_FIRST_NAME
              value: "Demo"
            - name: KEYCLOAK_USERS_0_LAST_NAME
              value: "User"
            - name: KEYCLOAK_USERS_0_ROLES_0
              value: "Identity"
            - name: KEYCLOAK_USERS_0_ROLES_1
              value: "Operate"
            - name: KEYCLOAK_USERS_0_ROLES_2
              value: "Tasklist"
            - name: KEYCLOAK_USERS_0_ROLES_3
              value: "Optimize"
            - name: KEYCLOAK_USERS_0_ROLES_4
              value: "Web Modeler"
            - name: KEYCLOAK_USERS_0_ROLES_5
              value: "Web Modeler Admin"
            - name: KEYCLOAK_USERS_0_ROLES_6
              value: "Console"
          resources:
            limits:
              cpu: 2000m
              memory: 2Gi
            requests:
              cpu: 600m
              memory: 400Mi
          ports:
            - containerPort: 8080
              name: http
              protocol: TCP
            - containerPort: 8082
              name: metrics
              protocol: TCP
          readinessProbe:
            httpGet:
              path: /actuator/health
              scheme: HTTP
              port: metrics
            initialDelaySeconds: 30
            periodSeconds: 30
            successThreshold: 1
            failureThreshold: 5
            timeoutSeconds: 1
          volumeMounts:
            - mountPath: /tmp
              name: tmp
            - name: config
              mountPath: /app/config/application.yaml
              subPath: application.yaml

      volumes:
        - name: tmp
          emptyDir: {}
        - name: config
          configMap:
            name: camunda-platform-test-identity-configuration
      serviceAccountName: camunda-platform-test-identity
      securityContext:
        fsGroup: 1001
        runAsNonRoot: true
        seccompProfile:
          type: RuntimeDefault